[2025-02-04T22:18:32.585] [DEBUG] default - [GET] /
[2025-02-04T22:18:32.695] [DEBUG] default - [GET] /favicon.ico
[2025-02-04T22:18:53.072] [DEBUG] default - [GET] /index.png
[2025-02-04T22:19:04.369] [DEBUG] default - [GET] /index.jpg
[2025-02-04T22:20:27.088] [DEBUG] default - [GET] /
[2025-02-04T22:20:39.289] [DEBUG] default - [GET] /assets
[2025-02-04T22:20:39.302] [DEBUG] default - [GET] /assets/
[2025-02-04T22:22:41.025] [DEBUG] default - [GET] /
[2025-02-04T22:22:44.737] [DEBUG] default - [GET] /assets/
[2025-02-04T22:23:49.068] [DEBUG] default - [GET] /assets/
[2025-02-04T22:23:51.186] [DEBUG] default - [GET] /assets/
[2025-02-04T22:23:59.462] [DEBUG] default - [GET] /assets/index.jpg
[2025-02-04T22:24:32.355] [DEBUG] default - [GET] /assets/index.jpg
[2025-02-04T22:25:39.265] [DEBUG] default - [GET] /assets/index.jpg
[2025-02-04T22:27:35.055] [DEBUG] default - [GET] /assets/
[2025-02-04T22:27:35.081] [DEBUG] default - [GET] /assets/index.jpg
[2025-02-04T22:35:22.337] [DEBUG] default - [GET] /assets/
[2025-02-04T22:39:27.514] [DEBUG] default - [GET] /assets/
[2025-02-04T22:42:21.511] [DEBUG] default - [GET] /
[2025-02-04T22:42:30.194] [DEBUG] default - [GET] /assets
[2025-02-04T22:42:59.841] [DEBUG] default - [GET] /assets/index.html
[2025-02-04T22:43:13.444] [DEBUG] default - [GET] /assets/
[2025-02-04T22:44:44.821] [DEBUG] default - [GET] /
[2025-02-04T22:44:50.120] [DEBUG] default - [GET] /assets
[2025-02-04T22:44:59.054] [DEBUG] default - [GET] /assets/index.jpg
[2025-02-04T22:45:19.961] [DEBUG] default - [GET] /assets/index.jpg
[2025-02-04T22:48:31.352] [DEBUG] default - [GET] /assets/index.jpg
[2025-02-04T22:48:44.807] [DEBUG] default - [GET] /assets
[2025-02-04T22:48:44.819] [DEBUG] default - [GET] /assets/
[2025-02-04T22:48:44.838] [DEBUG] default - [GET] /assets/index.jpg
[2025-02-04T22:50:23.593] [DEBUG] default - [GET] /assets/
[2025-02-04T22:50:23.609] [DEBUG] default - [GET] /assets/index.jpg
[2025-02-04T22:50:23.741] [DEBUG] default - [GET] /favicon.ico
[2025-02-07T02:26:25.217] [DEBUG] default - [GET] /
[2025-02-07T02:26:33.890] [DEBUG] default - [GET] /
[2025-02-07T02:26:41.232] [DEBUG] default - [GET] /
[2025-02-07T02:26:41.244] [DEBUG] default - [GET] /
[2025-02-07T02:26:41.260] [DEBUG] default - [GET] /
[2025-02-07T02:26:41.316] [DEBUG] default - [POST] /
[2025-02-07T02:26:41.319] [DEBUG] default - [POST] /
[2025-02-07T02:26:41.322] [DEBUG] default - [GET] /
[2025-02-07T02:28:02.518] [DEBUG] default - [GET] /
[2025-02-07T02:28:43.532] [DEBUG] default - [GET] /
[2025-02-07T02:28:43.554] [DEBUG] default - [GET] /
[2025-02-07T02:28:43.619] [DEBUG] default - [POST] /
[2025-02-07T02:28:43.628] [DEBUG] default - [POST] /
[2025-02-07T02:28:43.639] [DEBUG] default - [GET] /
[2025-02-07T02:30:03.717] [DEBUG] default - [GET] /
[2025-02-07T02:30:03.730] [DEBUG] default - [GET] /
[2025-02-07T02:30:03.752] [DEBUG] default - [GET] /
[2025-02-07T02:30:03.802] [DEBUG] default - [POST] /
[2025-02-07T02:30:03.807] [DEBUG] default - [POST] /
[2025-02-07T02:30:46.233] [DEBUG] default - [GET] /
[2025-02-07T02:30:46.259] [DEBUG] default - [GET] /
[2025-02-07T02:30:46.312] [DEBUG] default - [POST] /
[2025-02-07T02:30:46.317] [DEBUG] default - [POST] /
[2025-02-07T02:31:15.950] [DEBUG] default - [GET] /
[2025-02-07T02:31:15.963] [DEBUG] default - [GET] /
[2025-02-07T02:31:15.980] [DEBUG] default - [GET] /
[2025-02-07T02:31:16.034] [DEBUG] default - [POST] /
[2025-02-07T02:31:16.038] [DEBUG] default - [POST] /
[2025-02-07T02:32:41.041] [DEBUG] default - [GET] /
[2025-02-07T02:32:41.065] [DEBUG] default - [GET] /
[2025-02-07T02:32:41.117] [DEBUG] default - [POST] /
[2025-02-07T02:32:41.122] [DEBUG] default - [POST] /
[2025-02-07T02:33:28.931] [DEBUG] default - [GET] /
[2025-02-07T02:33:28.946] [DEBUG] default - [GET] /
[2025-02-07T02:33:28.963] [DEBUG] default - [GET] /
[2025-02-07T02:33:29.020] [DEBUG] default - [POST] /
[2025-02-07T02:33:29.024] [DEBUG] default - [POST] /
[2025-02-07T02:38:08.476] [DEBUG] default - [GET] /
[2025-02-07T02:38:08.502] [DEBUG] default - [GET] /
[2025-02-07T02:38:08.555] [DEBUG] default - [POST] /
[2025-02-07T02:38:08.559] [DEBUG] default - [POST] /
[2025-02-07T02:38:49.146] [DEBUG] default - [GET] /
[2025-02-07T02:38:49.172] [DEBUG] default - [GET] /
[2025-02-07T02:38:49.234] [DEBUG] default - [POST] /
[2025-02-07T02:38:49.240] [DEBUG] default - [POST] /
[2025-02-07T02:39:50.189] [DEBUG] default - [GET] /
[2025-02-07T02:39:50.209] [DEBUG] default - [GET] /
[2025-02-07T02:39:50.256] [DEBUG] default - [POST] /
[2025-02-07T02:39:50.261] [DEBUG] default - [POST] /
[2025-02-07T02:39:50.314] [DEBUG] default - [GET] /
[2025-02-07T02:40:47.263] [DEBUG] default - [GET] /
[2025-02-07T02:40:47.292] [DEBUG] default - [GET] /
[2025-02-07T02:40:47.346] [DEBUG] default - [POST] /
[2025-02-07T02:40:47.351] [DEBUG] default - [POST] /
[2025-02-07T02:40:47.356] [DEBUG] default - [GET] /
[2025-02-07T02:41:15.429] [DEBUG] default - [GET] /
[2025-02-07T02:42:07.546] [DEBUG] default - [GET] /
[2025-02-07T02:42:11.572] [DEBUG] default - [GET] /
[2025-02-07T02:42:15.597] [DEBUG] default - [GET] /
[2025-02-07T02:42:34.318] [DEBUG] default - [GET] /
[2025-02-07T02:42:37.935] [DEBUG] default - [GET] /
[2025-02-07T02:42:41.966] [DEBUG] default - [GET] /
[2025-02-07T02:42:46.007] [DEBUG] default - [GET] /
[2025-02-07T02:42:53.047] [DEBUG] default - [GET] /
[2025-02-07T02:43:56.682] [DEBUG] default - [GET] /
[2025-02-07T02:43:56.694] [DEBUG] default - [GET] /
[2025-02-07T02:43:56.716] [DEBUG] default - [GET] /
[2025-02-07T02:43:56.769] [DEBUG] default - [POST] /
[2025-02-07T02:43:56.774] [DEBUG] default - [POST] /
[2025-02-07T02:44:17.999] [DEBUG] default - [GET] /
[2025-02-07T02:44:18.012] [DEBUG] default - [GET] /
[2025-02-07T02:44:18.056] [DEBUG] default - [POST] /
[2025-02-07T02:44:18.060] [DEBUG] default - [POST] /
[2025-02-07T02:46:01.415] [DEBUG] default - [GET] /
[2025-02-07T02:46:01.434] [DEBUG] default - [GET] /
[2025-02-07T02:46:01.490] [DEBUG] default - [POST] /
[2025-02-07T02:46:01.499] [DEBUG] default - [POST] /
[2025-02-07T02:47:06.630] [DEBUG] default - [GET] /
[2025-02-07T02:47:06.653] [DEBUG] default - [GET] /
[2025-02-07T02:47:06.708] [DEBUG] default - [POST] /
[2025-02-07T02:47:06.717] [DEBUG] default - [POST] /
[2025-02-07T02:48:33.810] [DEBUG] default - [GET] /
[2025-02-07T02:48:33.832] [DEBUG] default - [GET] /
[2025-02-07T02:48:33.882] [DEBUG] default - [POST] /
[2025-02-07T02:48:33.891] [DEBUG] default - [POST] /
[2025-02-07T02:49:42.346] [DEBUG] default - [GET] /
[2025-02-07T02:49:42.376] [DEBUG] default - [GET] /
[2025-02-07T02:49:42.417] [DEBUG] default - [POST] /
[2025-02-07T02:49:42.421] [DEBUG] default - [POST] /
[2025-02-07T09:43:44.413] [DEBUG] default - [GET] /
[2025-02-07T09:43:44.444] [DEBUG] default - [GET] /
[2025-02-07T09:43:44.495] [DEBUG] default - [POST] /
[2025-02-07T09:43:44.502] [DEBUG] default - [POST] /
[2025-02-07T09:43:44.519] [DEBUG] default - [GET] /
[2025-02-07T09:45:00.014] [DEBUG] default - [GET] /
[2025-02-07T09:45:00.033] [DEBUG] default - [GET] /
[2025-02-07T09:45:00.088] [DEBUG] default - [POST] /
[2025-02-07T09:45:00.093] [DEBUG] default - [POST] /
[2025-02-07T09:45:00.105] [DEBUG] default - [GET] /
[2025-02-07T09:47:51.195] [DEBUG] default - [GET] /
[2025-02-07T09:47:51.211] [DEBUG] default - [GET] /
[2025-02-07T09:47:51.251] [DEBUG] default - [POST] /
[2025-02-07T09:47:51.256] [DEBUG] default - [POST] /
[2025-02-07T09:47:51.270] [DEBUG] default - [GET] /
[2025-02-07T09:48:27.042] [DEBUG] default - [GET] /
[2025-02-07T09:48:27.064] [DEBUG] default - [GET] /
[2025-02-07T09:48:27.111] [DEBUG] default - [POST] /
[2025-02-07T09:48:27.117] [DEBUG] default - [POST] /
[2025-02-07T09:48:27.143] [DEBUG] default - [GET] /
[2025-02-07T09:53:27.579] [DEBUG] default - [GET] /
[2025-02-07T09:53:27.603] [DEBUG] default - [GET] /
[2025-02-07T09:53:27.657] [DEBUG] default - [POST] /
[2025-02-07T09:53:27.662] [DEBUG] default - [POST] /
[2025-02-07T09:53:27.675] [DEBUG] default - [GET] /
[2025-02-07T09:53:27.678] [DEBUG] default - [GET] /
[2025-02-07T09:54:11.579] [DEBUG] default - [GET] /
[2025-02-07T09:54:11.611] [DEBUG] default - [GET] /
[2025-02-07T09:54:11.652] [DEBUG] default - [POST] /
[2025-02-07T09:54:11.657] [DEBUG] default - [POST] /
[2025-02-07T09:54:11.671] [DEBUG] default - [GET] /
[2025-02-07T09:54:11.674] [DEBUG] default - [GET] /
[2025-02-07T09:54:35.156] [DEBUG] default - [GET] /
[2025-02-07T09:54:35.179] [DEBUG] default - [GET] /
[2025-02-07T09:54:35.231] [DEBUG] default - [POST] /
[2025-02-07T09:54:35.237] [DEBUG] default - [POST] /
[2025-02-07T09:54:35.249] [DEBUG] default - [GET] /
[2025-02-07T09:54:35.252] [DEBUG] default - [GET] /
[2025-02-07T10:01:11.903] [DEBUG] default - [GET] /
[2025-02-07T10:01:11.915] [DEBUG] default - [GET] /
[2025-02-07T10:01:11.933] [DEBUG] default - [GET] /
[2025-02-07T10:01:11.990] [DEBUG] default - [POST] /
[2025-02-07T10:01:11.994] [DEBUG] default - [POST] /
[2025-02-07T10:01:12.008] [DEBUG] default - [GET] /?id=1
[2025-02-07T10:01:12.012] [DEBUG] default - [GET] /
[2025-02-07T10:02:03.979] [DEBUG] default - [GET] /
[2025-02-07T10:02:04.005] [DEBUG] default - [GET] /
[2025-02-07T10:02:04.039] [DEBUG] default - [POST] /
[2025-02-07T10:02:04.041] [DEBUG] default - [POST] /
[2025-02-07T10:02:04.048] [DEBUG] default - [GET] /?id=1
[2025-02-07T10:02:04.051] [DEBUG] default - [GET] /
[2025-02-07T10:03:27.786] [DEBUG] default - [GET] /
[2025-02-07T10:03:27.810] [DEBUG] default - [GET] /
[2025-02-07T10:03:27.855] [DEBUG] default - [POST] /
[2025-02-07T10:03:27.860] [DEBUG] default - [POST] /
[2025-02-07T10:03:27.873] [DEBUG] default - [GET] /
[2025-02-07T10:03:27.877] [DEBUG] default - [GET] /?id=1
[2025-02-07T10:05:31.883] [DEBUG] default - [GET] /
[2025-02-07T10:05:31.902] [DEBUG] default - [GET] /
[2025-02-07T10:05:31.956] [DEBUG] default - [POST] /
[2025-02-07T10:05:31.961] [DEBUG] default - [POST] /
[2025-02-07T10:05:31.977] [DEBUG] default - [GET] /?id=1
[2025-02-07T10:05:31.980] [DEBUG] default - [GET] /
[2025-02-07T10:05:49.982] [DEBUG] default - [GET] /
[2025-02-07T10:05:50.006] [DEBUG] default - [GET] /
[2025-02-07T10:05:50.057] [DEBUG] default - [POST] /
[2025-02-07T10:05:50.068] [DEBUG] default - [POST] /
[2025-02-07T10:05:50.090] [DEBUG] default - [GET] /?id=1
[2025-02-07T10:05:50.093] [DEBUG] default - [GET] /
[2025-02-07T10:11:50.006] [DEBUG] default - [GET] /
[2025-02-07T10:11:50.032] [DEBUG] default - [GET] /
[2025-02-07T10:11:50.091] [DEBUG] default - [POST] /
[2025-02-07T10:11:50.096] [DEBUG] default - [POST] /
[2025-02-07T10:11:50.106] [DEBUG] default - [GET] /?id=1
[2025-02-07T10:11:50.111] [DEBUG] default - [GET] /
[2025-02-07T10:12:58.270] [DEBUG] default - [GET] /
[2025-02-07T10:12:58.289] [DEBUG] default - [GET] /
[2025-02-07T10:12:58.342] [DEBUG] default - [POST] /
[2025-02-07T10:12:58.348] [DEBUG] default - [POST] /
[2025-02-07T10:12:58.356] [DEBUG] default - [GET] /
[2025-02-07T10:12:58.360] [DEBUG] default - [GET] /?id=1
[2025-02-07T10:13:54.896] [DEBUG] default - [GET] /
[2025-02-07T10:13:54.919] [DEBUG] default - [GET] /
[2025-02-07T10:13:54.986] [DEBUG] default - [POST] /
[2025-02-07T10:13:54.991] [DEBUG] default - [POST] /
[2025-02-07T10:13:54.998] [DEBUG] default - [GET] /
[2025-02-07T10:13:55.003] [DEBUG] default - [GET] /?id=1
[2025-02-07T10:14:43.713] [DEBUG] default - [GET] /
[2025-02-07T10:14:43.746] [DEBUG] default - [GET] /
[2025-02-07T10:14:43.801] [DEBUG] default - [POST] /
[2025-02-07T10:14:43.816] [DEBUG] default - [POST] /
[2025-02-07T10:14:43.830] [DEBUG] default - [GET] /
[2025-02-07T10:14:43.835] [DEBUG] default - [GET] /?id=1
[2025-02-07T10:14:55.047] [DEBUG] default - [GET] /
[2025-02-07T10:14:55.070] [DEBUG] default - [GET] /
[2025-02-07T10:14:55.120] [DEBUG] default - [POST] /
[2025-02-07T10:14:55.125] [DEBUG] default - [POST] /
[2025-02-07T10:14:55.133] [DEBUG] default - [GET] /
[2025-02-07T10:14:55.136] [DEBUG] default - [GET] /?id=1
